toothbrush                          1.98
  0.99 * 2
10.0% off (toothbrush)             -0.20

Total:                              1.78
