args: ('Aged Brie', -1, 0) => Aged Brie, -2, 2
args: ('Aged Brie', -1, 1) => Aged Brie, -2, 3
args: ('Aged Brie', -1, 49) => Aged Brie, -2, 50
args: ('Aged Brie', -1, 50) => Aged Brie, -2, 50
args: ('Aged Brie', 1, 0) => Aged Brie, 0, 1
args: ('Aged Brie', 1, 1) => Aged Brie, 0, 2
args: ('Aged Brie', 1, 49) => Aged Brie, 0, 50
args: ('Aged Brie', 1, 50) => Aged Brie, 0, 50
args: ('Aged Brie', 6, 0) => Aged Brie, 5, 1
args: ('Aged Brie', 6, 1) => Aged Brie, 5, 2
args: ('Aged Brie', 6, 49) => Aged Brie, 5, 50
args: ('Aged Brie', 6, 50) => Aged Brie, 5, 50
args: ('Aged Brie', 11, 0) => Aged Brie, 10, 1
args: ('Aged Brie', 11, 1) => Aged Brie, 10, 2
args: ('Aged Brie', 11, 49) => Aged Brie, 10, 50
args: ('Aged Brie', 11, 50) => Aged Brie, 10, 50
args: ('stuff', -1, 0) => stuff, -2, 0
args: ('stuff', -1, 1) => stuff, -2, 0
args: ('stuff', -1, 49) => stuff, -2, 47
args: ('stuff', -1, 50) => stuff, -2, 48
args: ('stuff', 1, 0) => stuff, 0, 0
args: ('stuff', 1, 1) => stuff, 0, 0
args: ('stuff', 1, 49) => stuff, 0, 48
args: ('stuff', 1, 50) => stuff, 0, 49
args: ('stuff', 6, 0) => stuff, 5, 0
args: ('stuff', 6, 1) => stuff, 5, 0
args: ('stuff', 6, 49) => stuff, 5, 48
args: ('stuff', 6, 50) => stuff, 5, 49
args: ('stuff', 11, 0) => stuff, 10, 0
args: ('stuff', 11, 1) => stuff, 10, 0
args: ('stuff', 11, 49) => stuff, 10, 48
args: ('stuff', 11, 50) => stuff, 10, 49
args: ('Sulfuras, Hand of Ragnaros', -1, 0) => Sulfuras, Hand of Ragnaros, -1, 0
args: ('Sulfuras, Hand of Ragnaros', -1, 1) => Sulfuras, Hand of Ragnaros, -1, 1
args: ('Sulfuras, Hand of Ragnaros', -1, 49) => Sulfuras, Hand of Ragnaros, -1, 49
args: ('Sulfuras, Hand of Ragnaros', -1, 50) => Sulfuras, Hand of Ragnaros, -1, 50
args: ('Sulfuras, Hand of Ragnaros', 1, 0) => Sulfuras, Hand of Ragnaros, 1, 0
args: ('Sulfuras, Hand of Ragnaros', 1, 1) => Sulfuras, Hand of Ragnaros, 1, 1
args: ('Sulfuras, Hand of Ragnaros', 1, 49) => Sulfuras, Hand of Ragnaros, 1, 49
args: ('Sulfuras, Hand of Ragnaros', 1, 50) => Sulfuras, Hand of Ragnaros, 1, 50
args: ('Sulfuras, Hand of Ragnaros', 6, 0) => Sulfuras, Hand of Ragnaros, 6, 0
args: ('Sulfuras, Hand of Ragnaros', 6, 1) => Sulfuras, Hand of Ragnaros, 6, 1
args: ('Sulfuras, Hand of Ragnaros', 6, 49) => Sulfuras, Hand of Ragnaros, 6, 49
args: ('Sulfuras, Hand of Ragnaros', 6, 50) => Sulfuras, Hand of Ragnaros, 6, 50
args: ('Sulfuras, Hand of Ragnaros', 11, 0) => Sulfuras, Hand of Ragnaros, 11, 0
args: ('Sulfuras, Hand of Ragnaros', 11, 1) => Sulfuras, Hand of Ragnaros, 11, 1
args: ('Sulfuras, Hand of Ragnaros', 11, 49) => Sulfuras, Hand of Ragnaros, 11, 49
args: ('Sulfuras, Hand of Ragnaros', 11, 50) => Sulfuras, Hand of Ragnaros, 11, 50
args: ('Backstage passes to a TAFKAL80ETC concert', -1, 0) => Backstage passes to a TAFKAL80ETC concert, -2, 0
args: ('Backstage passes to a TAFKAL80ETC concert', -1, 1) => Backstage passes to a TAFKAL80ETC concert, -2, 0
args: ('Backstage passes to a TAFKAL80ETC concert', -1, 49) => Backstage passes to a TAFKAL80ETC concert, -2, 0
args: ('Backstage passes to a TAFKAL80ETC concert', -1, 50) => Backstage passes to a TAFKAL80ETC concert, -2, 0
args: ('Backstage passes to a TAFKAL80ETC concert', 1, 0) => Backstage passes to a TAFKAL80ETC concert, 0, 3
args: ('Backstage passes to a TAFKAL80ETC concert', 1, 1) => Backstage passes to a TAFKAL80ETC concert, 0, 4
args: ('Backstage passes to a TAFKAL80ETC concert', 1, 49) => Backstage passes to a TAFKAL80ETC concert, 0, 50
args: ('Backstage passes to a TAFKAL80ETC concert', 1, 50) => Backstage passes to a TAFKAL80ETC concert, 0, 50
args: ('Backstage passes to a TAFKAL80ETC concert', 6, 0) => Backstage passes to a TAFKAL80ETC concert, 5, 2
args: ('Backstage passes to a TAFKAL80ETC concert', 6, 1) => Backstage passes to a TAFKAL80ETC concert, 5, 3
args: ('Backstage passes to a TAFKAL80ETC concert', 6, 49) => Backstage passes to a TAFKAL80ETC concert, 5, 50
args: ('Backstage passes to a TAFKAL80ETC concert', 6, 50) => Backstage passes to a TAFKAL80ETC concert, 5, 50
args: ('Backstage passes to a TAFKAL80ETC concert', 11, 0) => Backstage passes to a TAFKAL80ETC concert, 10, 1
args: ('Backstage passes to a TAFKAL80ETC concert', 11, 1) => Backstage passes to a TAFKAL80ETC concert, 10, 2
args: ('Backstage passes to a TAFKAL80ETC concert', 11, 49) => Backstage passes to a TAFKAL80ETC concert, 10, 50
args: ('Backstage passes to a TAFKAL80ETC concert', 11, 50) => Backstage passes to a TAFKAL80ETC concert, 10, 50
