args: (2, 1) => 2
args: (2, 2) => 4
args: (2, 3) => 6
args: (3, 1) => 3
args: (3, 2) => 6
args: (3, 3) => 9
args: (4, 1) => 4
args: (4, 2) => 8
args: (4, 3) => 12
